jq -r .version package.json
stat /tmp/artifacts/go-0.44.0-rc.1.vsix
release create --generate-notes --target 4893cd984d190bdf2cd65e11c425b42819ae6f57 --title Release v0.44.0-rc.1 --draft
gh release create --generate-notes --target 4893cd984d190bdf2cd65e11c425b42819ae6f57 --title Release v0.44.0-rc.1 --draft --prerelease -R github.com/golang/vscode-go v0.44.0-rc.1 /tmp/artifacts/go-0.44.0-rc.1.vsix
